[2026-09-07 14:17:54] TJDFT 2024-03-01..2024-03-31: 820 hits, 21 pages (max 30) 
[2026-09-07 14:17:54]   page 1/21: 40 records (cum 40) 
[2026-09-07 14:17:57]   page 2/21: 40 records (cum 80) 
[2026-09-07 14:18:00]   page 3/21: 40 records (cum 120) 
[2026-09-07 14:18:03]   page 4/21: 40 records (cum 160) 
[2026-09-07 14:18:07]   page 5/21: 40 records (cum 200) 
[2026-09-07 14:18:10]   page 6/21: 40 records (cum 240) 
[2026-09-07 14:18:14]   page 7/21: 40 records (cum 280) 
[2026-09-07 14:18:17]   page 8/21: 40 records (cum 320) 
[2026-09-07 14:18:32]   page 9/21: 40 records (cum 360) 
[2026-09-07 14:18:38]   page 10/21: 40 records (cum 400) 
[2026-09-07 14:18:42]   page 11/21: 40 records (cum 440) 
[2026-09-07 14:18:48]   page 12/21: 40 records (cum 480) 
[2026-09-07 14:18:52]   page 13/21: 40 records (cum 520) 
[2026-09-07 14:18:56]   page 14/21: 40 records (cum 560) 
[2026-09-07 14:19:00]   page 15/21: 40 records (cum 600) 
[2026-09-07 14:19:04]   page 16/21: 40 records (cum 640) 
[2026-09-07 14:19:08]   page 17/21: 40 records (cum 680) 
[2026-09-07 14:19:12]   page 18/21: 40 records (cum 720) 
[2026-09-07 14:19:15]   page 19/21: 40 records (cum 760) 
[2026-09-07 14:19:17]   page 20/21: 40 records (cum 800) 
[2026-09-07 14:19:19]   page 21/21: 20 records (cum 820) 
[2026-09-07 14:19:20] acordaos in DB: 820 (full text: 815), 2024-03-01..2024-03-26 
[2026-09-07 14:19:21] ipca rows: 199 
[2026-09-07 14:19:21] done 
